ROM_WRITER                                                                                                              PAGE 1
                         1     ;=========================================================
                         2     ; ;;VARIABLES;; ;
                         3
  0004                   4      HITS_TO_WIN     EQU 04 ;Normally all 12 ship tiles need to be hit
                         5      ;Bits
  007F                   6      P1_P2 BIT 7FH          ;0 for P1, 1 for P2
  007E                   7      RADAR BIT 7EH          ;Radar mode indicator when updating LCD pages
  007D                   8      TEXT  BIT 7DH          ;Set to display text screen
  007C                   9      FILLER_SHORTCUT BIT 7CH
  007B                  10      SIMUL BIT 7BH
                        11
                        12      ;Bytes
  0030                  13      MAP_NO        EQU 30H ;AKA: MAP_ID, SCREEN_ID, etc. -
                        14                       ; 1 for P1 Map, 2 for P2 Map, 3 for Text Screen
  0031                  15      TILE_ROW      EQU 31H
  0032                  16      TILE_COL      EQU 32H
  0033                  17      TILE_ID       EQU 33H ;Use R's? ***
                        18
  0007                  19      CTR_I         EQU 07H
  0006                  20      CTR_II        EQU 06H
  0005                  21      CTR_III       EQU 05H
                        22
  0004                  23      LCD_COUNTER_1 EQU 04H
  0003                  24      LCD_COUNTER_2 EQU 03H
                        25
  0034                  26      INPUT_I       EQU 34H
  0035                  27      INPUT_II      EQU 35H
                        28
  0036                  29      P1_SHIPS_LEFT EQU 36H
  0037                  30      P2_SHIPS_LEFT EQU 37H
                        31
                        32      ;Locations
  0040                  33      P1_MAP_START  EQU 40H
  007F                  34      P1_MAP_END    EQU 7FH
                        35
  0080                  36      P2_MAP_START  EQU 80H
  00BF                  37      P2_MAP_END    EQU 0BFH
                        38
  00C0                  39      TEXT_SCR_MAP_START    EQU 0C0H ; AKA: INFO_SCR
  00FF                  40      TEXT_SCR_MAP_END      EQU 0FFH
                        41
                        42      ;EEPROM
  00A4                  43      eeprom_scl_pin  EQU P2.4  ;scl p2.4    a4h
  00A5                  44      eeprom_sda_pin  EQU P2.5  ;sda p2.5    a5h
  0038                  45      memory_address1 EQU 38H
  0039                  46      eeprom_data     EQU 39H
  003A                  47      eeprom_page_no  EQU 3AH
  003B                  48      EEPROM_BUFF     EQU 3BH
                        49
                        50      ;LCD
  00B7                  51      RS        EQU P3.7 ;Pin  4    - 1 is for DATA, 0 is for COMMANDS - (RS)
  00B6                  52      RD_WR     EQU P3.6 ;Pin  5    - 0 is for WRITE
  00B5                  53      ENABLE    EQU P3.5 ;Pin  6    - SETB to SEND ?*
  0090                  54      LCD_PORT  EQU P1   ;Pins 7-14 - MSB at 14
  00B4                  55      CS_1      EQU P3.4 ;Pin  15   - 0 = selected ?*
  00B3                  56      CS_2      EQU P3.3 ;Pin  16   - 0 = selected ?*
  00B2                  57      LCD_RESET EQU P3.2 ;Pin  17
                        58
                        59     ;=========================================================
0000 7538FF             60      MOV MEMORY_ADDRESS1, #0FFH
0003 753A00             61      MOV EEPROM_PAGE_NO,  #0H
0006 900331             62      MOV DPTR, #TABLE_START
0009 7A01               63      MOV R2, #1
000B 3162               64      ACALL CONFIGURE_LCD
000D 753343             65      MOV TILE_ID, #RADAR_MISSED
0010 119B               66      ACALL WRITE_TILE
0012 11D8               67      ACALL KEYBOARD
0014 900331             68      MOV DPTR, #TABLE_START
                        69
                        70      WRITING_LOOP:
0017 0538               71      INC MEMORY_ADDRESS1
0019 E538               72      MOV A, MEMORY_ADDRESS1
001B B4BE0D             73      CJNE A, #190, SAME_PAGE ;End of Page
001E 053A               74      INC EEPROM_PAGE_NO
0020 753800             75      MOV MEMORY_ADDRESS1, #0H
                        76
0023 E53A               77      MOV A, EEPROM_PAGE_NO
0025 C3                 78      CLR C
0026 B40800             79      CJNE A, #8, $+3 ;All 7 pages used
0029 5028               80      JNC STOP
                        81      SAME_PAGE:
002B E4                 82      CLR A
002C 93                 83      MOVC A, @A+DPTR
002D F539               84      MOV EEPROM_DATA, A
002F 31B7               85      ACALL WRITE_DATA
0031 5154               86      ACALL EEPROM_DELAY
0033 31D5               87      ACALL READ_DATA
0035 5154               88      ACALL EEPROM_DELAY
0037 A3                 89      INC DPTR
                        90
0038 853B33             91      MOV TILE_ID, EEPROM_BUFF
003B C083               92      PUSH DPH
003D C082               93      PUSH DPL
003F 119B               94      ACALL WRITE_TILE
0041 D082               95      POP DPL
0043 D083               96      POP DPH
0045 0A                 97      INC R2
0046 BA08CE             98      CJNE R2, #8, WRITING_LOOP
0049 7A64               99      MOV R2, #100
                       100      DELAYER:
004B 5154              101      ACALL EEPROM_DELAY
004D DAFC              102      DJNZ R2, DELAYER
004F 7A01              103      MOV R2, #1
0051 80C4              104      SJMP WRITING_LOOP
                       105
                       106      STOP:
0053 3162              107      ACALL CONFIGURE_LCD
0055 753342            108      MOV TILE_ID, #RADAR_HIT
0058 119B              109      ACALL WRITE_TILE
005A 80FE              110      SJMP $
                       111
                       112
                       113     ;=========================================================
                       114     ; ;;METHODS;; ;
                       115     ;=========================================================
                       116      SELECT_TILE: ;Moves to R1 the RAM location of the tile at the specified map, row, and col
                       117                   ;USES: R7, R6, R1, A, TILE_ROW, TILE_COL, MAP_NO
005C E530              118      MOV A, MAP_NO
005E C3                119      CLR C
005F B40200            120      CJNE A, #2, $+3
0062 5006              121      JNC NEXT_1
0064 7940              122      MOV R1, #P1_MAP_START
0066 7E7F              123      MOV R6, #P1_MAP_END
0068 800F              124      SJMP STARTED
                       125      NEXT_1:
006A B40300            126      CJNE A, #3, $+3
006D 5006              127      JNC NEXT_2
006F 7980              128      MOV R1, #P2_MAP_START
0071 7EBF              129      MOV R6, #P2_MAP_END
0073 8004              130      SJMP STARTED
                       131      NEXT_2:
0075 79C0              132      MOV R1, #TEXT_SCR_MAP_START
0077 7EFF              133      MOV R6, #TEXT_SCR_MAP_END
                       134
                       135      STARTED:
0079 207C12            136      JB FILLER_SHORTCUT, FILLER
                       137
007C AF31              138      MOV R7, TILE_ROW
007E E9                139      MOV A, R1
                       140      ADD_LOOP1:
007F 2408              141      ADD A, #8
0081 DFFC              142      DJNZ R7, ADD_LOOP1
                       143
0083 AF32              144      MOV R7, TILE_COL
                       145      ADD_LOOP2:
0085 04                146      INC A
0086 DFFD              147      DJNZ R7, ADD_LOOP2
0088 F9                148      MOV R1, A
0089 22                149      RET
                       150
                       151     ;=========================================================
                       152      FILL_MAP:    ;Fills the selected map entirely with the tile in TILE_ID
008A D27C              153      SETB FILLER_SHORTCUT
008C 80CE              154      SJMP SELECT_TILE
                       155      FILLER:
008E C27C              156      CLR FILLER_SHORTCUT
                       157
0090 E9                158      MOV A, R1
                       159      FILL_LOOP:
0091 A733              160      MOV @R1, TILE_ID
0093 09                161      INC R1
0094 04                162      INC A
0095 B506F6            163      CJNE A, 06, FILLER
0098 A733              164      MOV @R1, TILE_ID  ;Fills final register
009A 22                165      RET
                       166
                       167     ;=========================================================
                       168      WRITE_TILE:
009B 7F08              169      MOV R7, #8
009D 8008              170      SJMP GET_PIXELS
                       171
                       172      NEXT_BYTE:
009F E4                173      CLR A
00A0 93                174      MOVC A, @A+DPTR
00A1 31AA              175      ACALL SEND_BYTE
00A3 A3                176      INC DPTR
00A4 DFF9              177      DJNZ R7, NEXT_BYTE
                       178
00A6 22                179      RET
                       180
                       181     ;=========================================================
                       182      GET_PIXELS:;(Now part of WRITE_TILE Method)
                       183                ; Moves to DPTR location first of 8 consecutive pixel bytes defining a tile
                       184                ; Uses: A, DPTR, TILE_ID
00A7 E533              185      MOV A, TILE_ID
00A9 30E708            186      JNB ACC.7, IS_ID
00AC 753341            187      MOV TILE_ID, #RADAR_TGT
00AF 900261            188      MOV DPTR, #PICTURES
00B2 8013              189      SJMP TBL_FOUND
                       190      IS_ID:
00B4 20E60D            191      JB ACC.6, PICTURE_ID
00B7 20E505            192      JB ACC.5, LETTER_ID
                       193
                       194      DIGIT_SYMBOL_ID:
00BA 900261            195      MOV DPTR, #DIGITS_SYMBOLS
00BD 8008              196      SJMP TBL_FOUND
                       197
                       198      LETTER_ID:
00BF 900261            199      MOV DPTR, #LETTERS
00C2 8003              200      SJMP TBL_FOUND
                       201
                       202      PICTURE_ID:
00C4 900261            203      MOV DPTR, #PICTURES
                       204
                       205      TBL_FOUND:
00C7 541F              206      ANL A, #1FH ;Remove first 3 bits
00C9 600B              207      JZ END_OF_PROPAGATION
                       208
                       209      PROPAGATE:
00CB A3                210      INC DPTR
00CC A3                211      INC DPTR
00CD A3                212      INC DPTR
00CE A3                213      INC DPTR
                       214
00CF A3                215      INC DPTR
00D0 A3                216      INC DPTR
00D1 A3                217      INC DPTR
00D2 A3                218      INC DPTR
                       219
00D3 D5E0F5            220      DJNZ ACC, PROPAGATE
                       221      END_OF_PROPAGATION:
                       222
00D6 80C7              223      SJMP NEXT_BYTE
                       224
                       225     ;=========================================================
                       226
                       227     ;=========================================================
                       228
                       229     ;=========================================================
                       230      KEYBOARD: ;takes the key pressed from the keyboard and puts it to A
00D8 7580FF            231             MOV     P0, #0ffh       ;makes P0 input
                       232      K1:
00DB 75A000            233             MOV     P2, #0  ;ground all rows
00DE E580              234             MOV     A, P0
00E0 540F              235             ANL     A, #00001111B
00E2 B40FF6            236             CJNE    A, #00001111B, K1
                       237      K2:
00E5 3151              238             ACALL   DELAY
00E7 E580              239             MOV     A, P0
00E9 540F              240             ANL     A, #00001111B
00EB B40F02            241             CJNE    A, #00001111B, KB_OVER
00EE 80F5              242             SJMP    K2
                       243      KB_OVER:
00F0 3151              244             ACALL DELAY
00F2 E580              245             MOV     A, P0
00F4 540F              246             ANL     A, #00001111B
00F6 B40F02            247             CJNE    A, #00001111B, KB_OVER1
00F9 80EA              248             SJMP    K2
                       249      KB_OVER1:
00FB 75A0FE            250             MOV     P2, #11111110B
00FE E580              251             MOV     A, P0
0100 540F              252             ANL     A, #00001111B
0102 B40F21            253             CJNE    A, #00001111B, ROW_0
0105 75A0FD            254             MOV     P2, #11111101B
0108 E580              255             MOV     A, P0
010A 540F              256             ANL     A, #00001111B
010C B40F1C            257             CJNE    A, #00001111B, ROW_1
010F 75A0FB            258             MOV     P2, #11111011B
0112 E580              259             MOV     A, P0
0114 540F              260             ANL     A, #00001111B
0116 B40F17            261             CJNE    A, #00001111B, ROW_2
0119 75A0F7            262             MOV     P2, #11110111B
011C E580              263             MOV     A, P0
011E 540F              264             ANL     A, #00001111B
0120 B40F12            265             CJNE    A, #00001111B, ROW_3
0123 0200E5            266             LJMP    K2
                       267
                       268      ROW_0:
0126 900141            269             mov     DPTR, #KCODE0
0129 800D              270             sjmp    KB_FIND
                       271      ROW_1:
012B 900145            272             mov     DPTR, #KCODE1
012E 8008              273             sjmp    KB_FIND
                       274      ROW_2:
0130 900149            275             mov     DPTR, #KCODE2
0133 8003              276             sjmp    KB_FIND
                       277      ROW_3:
0135 90014D            278             mov     DPTR, #KCODE3
                       279      KB_FIND:
0138 13                280             rrc     A
0139 5003              281             jnc     KB_MATCH
013B A3                282             inc     DPTR
013C 80FA              283             sjmp    KB_FIND
                       284      KB_MATCH:
013E E4                285             clr     A
013F 93                286             movc    A, @A+DPTR; get ASCII code from the table
0140 22                287             ret
                       288
                       289     ;ASCII look-up table
0141 31323341          290      KCODE0:        DB      '1', '2', '3', 'A'
0145 34353642          291      KCODE1:        DB      '4', '5', '6', 'B'
0149 37383943          292      KCODE2:        DB      '7', '8', '9', 'C'
014D 47464544          293      KCODE3:        DB      'G', 'F', 'E', 'D' ;
                       294     ;=========================================================
                       295      DELAY:
0151 C000              296             push 0
0153 C001              297             push 1
0155 7F32              298             mov R7,#50;50 in hardware
                       299      DELAY_OUTER_LOOP:
0157 7E96              300             mov R6,#150;150 in hardware
0159 DEFE              301             djnz R6,$
015B DFFA              302             djnz R7,DELAY_OUTER_LOOP
015D D001              303             pop 1
015F D000              304             pop 0
0161 22                305             ret
                       306     ;=========================================================
                       307     ;GRAPHIC LCD METHODS
                       308     ;=========================================================
                       309     CONFIGURE_LCD:
                       310
                       311      ;   ;;DELAY 32ms (delay why)
                       312      ; MOV TMOD,#01H
                       313      ; MOV TH0, #HIGH (33536)
                       314      ; MOV TL0, #LOW  (33536)
                       315      ; CLR TF0
                       316      ; SETB TR0
                       317      ; JNB TF0, $
                       318      ; CLR TR0
                       319
0162 C2B2              320      CLR LCD_RESET
0164 00                321      NOP
0165 00                322      NOP
0166 D2B2              323      SETB LCD_RESET ;active low
                       324
0168 D2B4              325      SETB  CS_1
016A D2B3              326      SETB  CS_2
                       327
                       328
016C 743F              329      MOV  A, #00111111b; Set disp ON  ( I thınk you should  have changed the  order)
016E 319D              330      ACALL SEND_CMD
                       331
0170 74B8              332      MOV A,#0B8H; make x addrs0
0172 319D              333      ACALL SEND_CMD
                       334
0174 7440              335      MOV A,#040H;  make  y addrs 0
0176 319D              336      ACALL SEND_CMD
                       337
0178 74C0              338      MOV  A, #11000000b; Set disp line to first line
017A 319D              339      ACALL SEND_CMD
                       340
017C 7C00              341      MOV R4,#0;y values
017E 7BB8              342      MOV R3,#10111000B;x values
0180 EB                343      VER:MOV A,R3
0181 319D              344      ACALL SEND_CMD
0183 E4                345      HOR:CLR A
0184 31AA              346      ACALL SEND_BYTE
0186 0C                347      INC R4
0187 BC40F9            348      CJNE R4,#64,HOR
018A 7C00              349      MOV R4,#0
018C 0B                350      INC R3
018D BBC0F0            351      CJNE R3,#11000000B,VER
                       352
0190 74B8              353      MOV A,#0B8H; make x addrs0
0192 319D              354      ACALL SEND_CMD
                       355
0194 7440              356      MOV A,#040H;  make  y addrs 0
0196 319D              357      ACALL SEND_CMD
                       358
0198 74C0              359      MOV  A, #11000000b; Set disp line to first line
019A 319D              360      ACALL SEND_CMD
                       361
019C 22                362      RET
                       363     ;=========================================================
                       364      SEND_CMD:
019D F590              365      MOV  LCD_PORT, A
019F C2B6              366      CLR  RD_WR;
01A1 C2B7              367      CLR  RS
01A3 D2B5              368      SETB ENABLE
01A5 00                369      NOP   ;how much delay is needed
01A6 00                370      NOP
01A7 C2B5              371      CLR  ENABLE
01A9 22                372      RET
                       373     ;=========================================================
                       374      SEND_BYTE:
01AA F590              375      MOV  LCD_PORT, A
01AC C2B6              376      CLR  RD_WR;;  MOV R4,#0;y values
01AE D2B7              377      SETB RS   ; is this DATACOMMAND ?
01B0 D2B5              378      SETB ENABLE
01B2 00                379      NOP   ;delay calculate
01B3 00                380      NOP
01B4 C2B5              381      CLR  ENABLE
01B6 22                382      RET
                       383     ;=========================================================
                       384     ;EEPROM METHODS
                       385     ;=========================================================
01B7 C0E0              386     write_data:     push acc ;;;;;;;;;;;;;;;;;;;;;;;;;;   PROTECT DATA
01B9 1201FD            387         call eeprom_start
01BC 74A0              388                     mov a, #0A0H
01BE 253A              389                     add a, EEPROM_PAGE_NO
01C0 253A              390                     add a, EEPROM_PAGE_NO
01C2 120217            391                     call send_data
01C5 E538              392                     mov a,memory_address1          ;location address
01C7 120217            393                     call send_data
01CA E539              394                     mov a,eeprom_data              ;data to be send
01CC 120217            395                     call send_data
01CF 12020A            396                     call eeprom_stop
01D2 D0E0              397                     pop acc ;;;;;;;;;;;;;;;;;;;;;;;;;;   PROTECT DATA
01D4 22                398                     ret
                       399     ;=========================================================
01D5 C0E0              400     read_data:      push acc ;;;;;;;;;;;;;;;;;;;;;;;;;;   PROTECT DATA
01D7 1201FD            401         call eeprom_start
                       402
01DA 74A0              403                     mov a, #0A0H
01DC 253A              404                     add a, EEPROM_PAGE_NO
01DE 253A              405                     add a, EEPROM_PAGE_NO
01E0 120217            406                     call send_data
01E3 E538              407                     mov a,memory_address1          ;location address
01E5 120217            408                     call send_data
01E8 1201FD            409                     call eeprom_start
01EB 74A1              410                     mov a, #0A1H
01ED 253A              411                     add a, EEPROM_PAGE_NO
01EF 253A              412                     add a, EEPROM_PAGE_NO
01F1 120217            413                     call send_data
01F4 120233            414                     call get_data
01F7 12020A            415                     call eeprom_stop
01FA D0E0              416                     pop acc ;;;;;;;;;;;;;;;;;;;;;;;;;;   PROTECT DATA
01FC 22                417                     ret
                       418     ;=========================================================
01FD D2A5              419     eeprom_start:    setb eeprom_sda_pin
01FF 00                420                     nop
0200 D2A4              421                     setb eeprom_scl_pin
0202 00                422                     nop
0203 00                423                     nop
0204 C2A5              424                     clr eeprom_sda_pin
0206 00                425                     nop
0207 C2A4              426                     clr eeprom_scl_pin
0209 22                427                     ret
                       428     ;=========================================================
020A C2A5              429     eeprom_stop:     clr eeprom_sda_pin
020C 00                430                     nop
020D D2A4              431                     setb eeprom_scl_pin
020F 00                432                     nop
0210 00                433                     nop
0211 D2A5              434                     setb eeprom_sda_pin
0213 00                435                     nop
0214 C2A4              436                     clr eeprom_scl_pin
0216 22                437                     ret
                       438     ;=========================================================
0217 C007              439     send_data:      push 7 ;;;;;;;;;;;;;;;;;;;;;;;;;;   PROTECT DATA
0219 7F00              440         mov r7,#00h
021B 33                441     send:           rlc a
021C 92A5              442                    mov eeprom_sda_pin,c
021E 12024D            443                    call clock
0221 0F                444                    inc r7
0222 BF08F6            445                    cjne r7,#08,send
0225 D2A5              446                    setb eeprom_sda_pin
0227 20A5FD            447                    jb eeprom_sda_pin,$
022A 120254            448                   call eeprom_delay
022D 12024D            449                    call clock
0230 D007              450                    pop 7 ;;;;;;;;;;;;;;;;;;;;;;;;;;   PROTECT DATA
0232 22                451                    ret
                       452     ;=========================================================
0233 C007              453     get_data:      push 7;;;;;;;;;;;;;;;;;;;;;;;;;   PROTECT DATA
0235 7F00              454                    mov r7,#00h
0237 D2A5              455                    setb eeprom_sda_pin
0239 A2A5              456     get:            mov c,eeprom_sda_pin
023B 12024D            457                    call clock
023E 33                458                    rlc a
023F 0F                459                    inc r7
0240 BF08F6            460                    cjne r7,#08,get
0243 D2A5              461                    setb eeprom_sda_pin
0245 12024D            462                    call clock
0248 F53B              463                    mov EEPROM_BUFF,a
024A D007              464                    pop 7;;;;;;;;;;;;;;;;;;;;;;;;;;   PROTECT DATA
024C 22                465                    ret
                       466     ;=========================================================
024D D2A4              467     clock:         setb eeprom_scl_pin
024F 00                468                    nop
0250 00                469                    nop
0251 C2A4              470                    clr eeprom_scl_pin
0253 22                471                    ret
                       472     ;=========================================================
0254 75330B            473     eeprom_delay:      mov 33h,#11      ;delay of 3 mili seconds
0257 7532FF            474     eeprom_delay_1:    mov 32h,#0ffh
025A D532FD            475                        djnz 32h,$
025D D533F7            476                        djnz 33h,eeprom_delay_1
0260 22                477                        ret
                       478
                       479     ;=========================================================
                       480     ; ;;TILE_ID_TABLE;; ;
  0000                 481     CHAR_0          EQU 00H ;000XXXXX: DIGITS & SYMBOLS
  0001                 482     CHAR_1          EQU 01H
  0002                 483     CHAR_2          EQU 02H
  0003                 484     CHAR_3          EQU 03H
  0004                 485     CHAR_4          EQU 04H
  0005                 486     CHAR_5          EQU 05H
  0006                 487     CHAR_6          EQU 06H
  0007                 488     CHAR_7          EQU 07H
  0008                 489     CHAR_8          EQU 08H
  0009                 490     CHAR_9          EQU 09H
  000A                 491     CHAR_SPACE      EQU 0AH
  000B                 492     CHAR_Q_MARK     EQU 0BH
  000C                 493     CHAR_EXCL_MARK  EQU 0CH
  000D                 494     CHAR_POUND_SIGN EQU 0DH
  000E                 495     CHAR_UNDERSCORE EQU 0EH
  000F                 496     CHAR_SPCH_MARKS EQU 0FH
  0010                 497     CHAR_APOSTROPHE EQU 10H
  0011                 498     CHAR_ASTERISK   EQU 11H
                       499                             ;12H-20H are unused
  0021                 500     CHAR_A          EQU 21H ;001XXXXX: LETTERS
  0022                 501     CHAR_B          EQU 22H
  0023                 502     CHAR_C          EQU 23H
  0024                 503     CHAR_D          EQU 24H
  0025                 504     CHAR_E          EQU 25H
  0026                 505     CHAR_F          EQU 26H
  0027                 506     CHAR_G          EQU 27H
  0028                 507     CHAR_H          EQU 28H
  0029                 508     CHAR_I          EQU 29H
  002A                 509     CHAR_J          EQU 2AH
  002B                 510     CHAR_K          EQU 2BH
  002C                 511     CHAR_L          EQU 2CH
  002D                 512     CHAR_M          EQU 2DH
  002E                 513     CHAR_N          EQU 2EH
  002F                 514     CHAR_O          EQU 2FH
  0030                 515     CHAR_P          EQU 30H
  0031                 516     CHAR_Q          EQU 31H
  0032                 517     CHAR_R          EQU 32H
  0033                 518     CHAR_S          EQU 33H
  0034                 519     CHAR_T          EQU 34H
  0035                 520     CHAR_U          EQU 35H
  0036                 521     CHAR_V          EQU 36H
  0037                 522     CHAR_W          EQU 37H
  0038                 523     CHAR_X          EQU 38H
  0039                 524     CHAR_Y          EQU 39H
  003A                 525     CHAR_Z          EQU 3AH
                       526                             ;3BH-3FH are unused
  0040                 527     BLANK_TILE      EQU 40H ;010XXXXX: PICTURES
  0041                 528     RADAR_TGT       EQU 41H
  0042                 529     RADAR_HIT       EQU 42H
  0043                 530     RADAR_MISSED    EQU 43H
  0044                 531     OPEN_SEA        EQU 44H ;0 (Java MapMaker Tile ID)
  0045                 532     LONE_SHIP_TILE  EQU 45H ;1
  0046                 533     SHIP_EASTWARD   EQU 46H ;2
  0047                 534     SHIP_NORTHWARD  EQU 47H ;3
  0048                 535     SHIP_WESTWARD   EQU 48H ;4
  0049                 536     SHIP_SOUTHWARD  EQU 49H ;5
  004A                 537     SHIP_VERTICAL   EQU 4AH ;6
  004B                 538     SHIP_HORIZONTAL EQU 4BH ;7
  004C                 539     SHIP_JUNCTION   EQU 4CH ;8
  004D                 540     CORNERS_TILE_I  EQU 4DH ;
  004E                 541     HIT_SEA         EQU 4EH ; = OPEN_SEA + 10
  004F                 542     HIT_SJIP_L      EQU 4FH
  0050                 543     HIT_SHIP_E      EQU 50H
  0051                 544     HIT_SHIP_N      EQU 51H
  0052                 545     HIT_SHIP_W      EQU 52H
  0053                 546     HIT_SHIP_S      EQU 53H
  0054                 547     HIT_SHIP_V      EQU 54H
  0055                 548     HIT_SHIP_H      EQU 55H
  0056                 549     HIT_SHIP_J      EQU 56H ; = SHIP_JUNCTION +10
  0057                 550     CORNERS_TILE_II EQU 57H
  0058                 551     HIT_TWICE       EQU 58H ;If a tile ID equal to or larger than this is noted, a tile was hit twice.
  0059                 552     CHECKERED_TILE  EQU 59H ;PIXELS: 0AAH,  55H,   0AAH,  55H,   0AAH,  55H,   0AAH,  55H (for reference)
                       553                             ; Other ID's until 7FH are not implemented and use no ROM.
                       554     ;  END OF TABLE  ;
                       555
                       556     ;=========================================================
                       557     ;TILE_LUT ;**Will be copied over from other file
                       558     DIGITS_SYMBOLS:
                       559
                       560     LETTERS:
                       561
                       562     PICTURES:
0261 8100000000        563     DB 081H,  00H,   000H,  00H,   000H,  00H,   000H,  81H ; BLANK
     000081
0269 0066421818        564     DB  00H,  66H,    42H,  18H,    18H,  42H,    66H,  00H ; TGT
     426600
0271 42E7661818        565     DB  42H, 0E7H,    66H,  18H,    18H,  66H,   0E7H,  42H ; HIT
     66E742
0279 0066420000        566     DB  00H,  66H,    42H,  00H,    00H,  42H,    66H,  00H ; MISSED
     426600
                       567
0281 8100000000        568     DB 081H,  00H,   000H,  00H,   000H,  00H,   000H,  81H ; SEA
     000081
0289 8100001818        569     DB 081H,  00H,   000H,  18H,   018H,  00H,   000H,  81H ; L
     000081
0291 8100E0F8F8        570     DB 081H,  00H,   0E0H, 0F8H,   0F8H, 0E0H,   000H,  81H ; E
     E00081
0299 8100001818        571     DB 081H,  00H,    00H,  18H,    18H,  3CH,    3CH, 0BDH ; N
     3C3CBD
02A1 8100071F1F        572     DB 081H,  00H,    07H,  1FH,    1FH,  07H,    00H,  81H ; W
     070081
                       573
02A9 BD3C3C1818        574     DB 0BDH,  3CH,    3CH,  18H,    18H,  00H,    00H,  81H ; S
     000081
02B1 BD3C3C3C3C        575     DB 0BDH,  3CH,    3CH,  3CH,    3CH,  3CH,    3CH, 0BDH ; V
     3C3CBD
02B9 8100FFFFFF        576     DB 081H,  00H,   0FFH, 0FFH,   0FFH, 0FFH,    00H,  81H ; H
     FF0081
02C1 AA55AA55AA        577     DB 0AAH,  55H,   0AAH,  55H,   0AAH,  55H,   0AAH,  55H ; J*
     55AA55
02C9 AA55AA55AA        578     DB 0AAH,  55H,   0AAH,  55H,   0AAH,  55H,   0AAH,  55H ; C1*
     55AA55
                       579
02D1 8118244242        580     DB  81H,  18H,    24H,  42H,    42H,  24H,    18H,  81H ; HIT_SEA
     241881
02D9 8100001818        581     DB 081H,  00H,   000H,  18H,    18H,  00H,    00H, 0FFH ; L*
     0000FF
02E1 810080B8F0        582     DB  81H,  00H,    80H, 0B8H,   0F0H,  40H,    00H,  81H ; E
     400081
02E9 8100000008        583     DB  81H,  00H,    00H,  00H,    08H,  1CH,    38H,  9DH ; N
     1C389D
02F1 8100050F1B        584     DB  81H,  00H,    05H,  0FH,    1BH,  02H,    00H,  81H ; W
     020081
                       585
02F9 B91C380800        586     DB 0B9H,  1CH,    38H,  08H,    00H,  00H,    00H,  81H ; S
     000081
0301 BD1C30303C        587     DB 0BDH,  1CH,    30H,  30H,    3CH,  1CH,    1CH, 0B5H ; V
     1C1CB5
0309 8100CFDCFF        588     DB  81H,  00H,   0CFH, 0DCH,   0FFH,  7BH,    00H,  81H ; H
     7B0081
0311 AA55AA55AA        589     DB 0AAH,  55H,   0AAH,  55H,   0AAH,  55H,   0AAH,  55H ; J*
     55AA55
0319 AA55AA55AA        590     DB 0AAH,  55H,   0AAH,  55H,   0AAH,  55H,   0AAH,  55H ; C2*
     55AA55
                       591
0321 AA55FFFFFF        592     DB 0AAH,  55H,   0FFH, 0FFH,   0FFH, 0FFH,   0AAH,  55H ; HIT_TWICE
     FFAA55
0329 AA55AA55AA        593     DB 0AAH,  55H,   0AAH,  55H,   0AAH,  55H,   0AAH,  55H ; CH
     55AA55
                       594
                       595     ;  END OF TABLE  ;
                       596     ;=========================================================
                       597     ;ROM TO LOAD
                       598      TABLE_START:
                       599     ;PAGE 0
0331 80A749464B        600     DB 080H, 0A7H, 049H, 046H, 04BH, 048H, 0A0H, 047H, 084H, 049H, 0A4H, 049H, 04AH, 0A4H, 04AH, 04AH, 0A
     48A0478449
     A4494AA44A
     4AA44747
                       601
0344 844994494A        602     DB 084H, 049H, 094H, 049H, 04AH, 094H, 04AH, 047H, 090H, 047H, 08FH, 046H, 04BH, 04BH, 048H, 080H, 0E
     944A479047
     8F464B4B48
     80E04648
                       603
0357 8249BA464B        604     DB 082H, 049H, 0BAH, 046H, 04BH, 048H, 04AH, 082H, 04AH, 082H, 047H, 081H, 049H, 0B1H, 046H, 048H, 04
     484A824A82
     478149B146
     484A8147
                       605
036A 808F464B4B        606     DB 080H, 08FH, 046H, 04BH, 04BH, 048H, 080H, 0C7H, 049H, 046H, 04BH, 048H, 0C0H, 04AH, 0C0H, 047H, 08
     4880C74946
     4B48C04AC0
     47834648
                       607
037D 8093494648        608     DB 080H, 093H, 049H, 046H, 048H, 0D0H, 049H, 04AH, 0D0H, 04AH, 047H, 0C0H, 047H, 09EH, 046H, 04BH, 04
     D0494AD04A
     47C0479E46
     4B4B4880
                       609
0390 BA464B4849        610     DB 0BAH, 046H, 04BH, 048H, 049H, 082H, 047H, 080H, 0C2H, 049H, 049H, 0C2H, 04AH, 04AH, 0C2H, 047H, 04
     824780C249
     49C24A4AC2
     474A8247
                       611
03A3 9049904A90        612     DB 090H, 049H, 090H, 04AH, 090H, 047H, 0E1H, 046H, 048H, 049H, 081H, 04AH, 081H, 047H, 09EH, 046H, 04
     47E1464849
     814A81479E
     464B4B48
                       613
03B6 8449F4464B        614     DB 084H, 049H, 0F4H, 046H, 04BH, 048H, 047H, 080H, 0C0H, 049H, 0DEH, 04AH, 046H, 04BH, 04BH, 048H, 0C
     484780C049
     DE4A464B4B
     48C04780
                       615
03C9 904990478E        616     DB 090H, 049H, 090H, 047H, 08EH, 046H, 04BH, 048H, 081H, 049H, 0F1H, 046H, 04BH, 048H, 04AH, 081H, 04
     464B488149
     F1464B484A
     814A8147
                       617
03DC 8A49498A4A        618     DB 08AH, 049H, 049H, 08AH, 04AH, 04AH, 08AH, 04AH, 047H, 088H, 047H, 082H, 049H, 08AH, 049H, 04AH, 08
     4A8A4A4788
     4782498A49
     4A8A4747
                       619
                       620     ;PAGE 1
                       621
03EF AA494949AA        622     DB 0AAH, 049H, 049H, 049H, 0AAH, 04AH, 04AH, 04AH, 0AAH, 047H, 04AH, 047H, 0C8H, 049H, 047H, 0C0H, 04
     4A4A4AAA47
     4A47C84947
     C0478080
                       623
0402 9C464B48A0        624     DB 09CH, 046H, 04BH, 048H, 0A0H, 049H, 0A2H, 04AH, 049H, 0A2H, 04AH, 04AH, 0A2H, 047H, 047H, 081H, 04
     49A24A49A2
     4A4AA24747
     81498147
                       625
0415 9749464B48        626     DB 097H, 049H, 046H, 04BH, 048H, 090H, 04AH, 097H, 04AH, 046H, 04BH, 048H, 090H, 047H, 080H, 088H, 04
     904A974A46
     4B48904780
     88498847
                       627
0428 A049A04AA7        628     DB 0A0H, 049H, 0A0H, 04AH, 0A7H, 04AH, 046H, 04BH, 048H, 0A0H, 047H, 08EH, 046H, 04BH, 048H, 081H, 04
     4A464B48A0
     478E464B48
     81498147
                       629
043B 80AE49464B        630     DB 080H, 0AEH, 049H, 046H, 04BH, 048H, 0A0H, 047H, 08EH, 046H, 04BH, 048H, 080H, 0BCH, 046H, 04BH, 04
     48A0478E46
     4B4880BC46
     4B4B4880
                       631     ;  MAP 14  ^:
                       632     ;  0  0  0  0  0  0  0
                       633     ;  0  5  0  2  7  4  0
                       634     ;  0  3  0  0  0  0  0
                       635     ;  0  0  0  2  7  4  0
                       636     ;  0  0  0  0  0  0  0
                       637     ;  0  2  7  7  4  0  0
                       638     ;  0  0  0  0  0  0  0
044E A049A04AA0        639     DB 0A0H, 049H, 0A0H, 04AH, 0A0H, 047H, 090H, 049H, 091H, 047H, 049H, 081H, 04AH, 0F9H, 046H, 04BH, 04
     4790499147
     49814AF946
     4B4B4847
                       640
0461 BC464B4B48        641     DB 0BCH, 046H, 04BH, 04BH, 048H, 080H, 088H, 049H, 088H, 04AH, 088H, 047H, 0B7H, 046H, 048H, 046H, 04
     808849884A
     8847B74648
     464B4880
                       642
0474 814985494A        643     DB 081H, 049H, 085H, 049H, 04AH, 0C5H, 049H, 04AH, 047H, 0C4H, 04AH, 047H, 0C0H, 04AH, 0C4H, 047H, 04
     C5494A47C4
     4A47C04AC4
     47498447
                       644
0487 80809C464B        645     DB 080H, 080H, 09CH, 046H, 04BH, 048H, 081H, 049H, 09DH, 046H, 04BH, 048H, 04AH, 081H, 04AH, 0E1H, 04
     4881499D46
     4B484A814A
     E1464847
                       646
049A 8249E24648        647     DB 082H, 049H, 0E2H, 046H, 048H, 04AH, 082H, 04AH, 082H, 047H, 091H, 049H, 049H, 091H, 04AH, 04AH, 09
     4A824A8247
     914949914A
     4A914747
                       648
                       649     ;Page 2
04AD 80BC464B4B        650     DB 080H, 0BCH, 046H, 04BH, 04BH, 048H, 081H, 049H, 081H, 047H, 0C2H, 049H, 049H, 0C2H, 04AH, 04AH, 0C
     4881498147
     C24949C24A
     4AC24747
                       651
04C0 8080C74946        652     DB 080H, 080H, 0C7H, 049H, 046H, 04BH, 048H, 0C0H, 04AH, 0D1H, 04AH, 049H, 049H, 0D1H, 047H, 04AH, 04
     4B48C04AD1
     4A4949D147
     4A479047
                       653
04D3 F0464B4880        654     DB 0F0H, 046H, 04BH, 048H, 080H, 08FH, 046H, 04BH, 04BH, 048H, 0F0H, 046H, 04BH, 048H, 082H, 049H, 08
     8F464B4B48
     F0464B4882
     49824780
                       655
04E6 8449F5464B        656     DB 084H, 049H, 0F5H, 046H, 04BH, 048H, 047H, 049H, 081H, 04AH, 085H, 049H, 047H, 084H, 04AH, 084H, 04
     484749814A
     854947844A
     844A8447
                       657
04F9 844994494A        658     DB 084H, 049H, 094H, 049H, 04AH, 094H, 04AH, 04AH, 094H, 047H, 047H, 081H, 049H, 0C1H, 049H, 04AH, 0C
     944A4A9447
     478149C149
     4AC14747
                       659
                       660
050C 80B8464B48        661     DB 080H, 0B8H, 046H, 04BH, 048H, 080H, 0A8H, 049H, 049H, 0AAH, 04AH, 04AH, 049H, 0AAH, 04AH, 047H, 04
     80A84949AA
     4A4A49AA4A
     4747A047
                       662
051F A049A74A46        663     DB 0A0H, 049H, 0A7H, 04AH, 046H, 04BH, 048H, 0A0H, 04AH, 0A0H, 047H, 082H, 049H, 0A2H, 049H, 04AH, 0A
     4B48A04AA0
     478249A249
     4AA24747
                       664
0532 8096494648        665     DB 080H, 096H, 049H, 046H, 048H, 090H, 04AH, 090H, 04AH, 097H, 047H, 046H, 04BH, 048H, 080H, 08EH, 04
     904A904A97
     47464B4880
     8E464B48
                       666
0545 9049D0494A        667     DB 090H, 049H, 0D0H, 049H, 04AH, 0D0H, 04AH, 04AH, 0D7H, 047H, 047H, 046H, 04BH, 048H, 088H, 049H, 08
     D04A4AD747
     47464B4888
     49884780
                       668
0558 E146484981        669     DB 0E1H, 046H, 048H, 049H, 081H, 04AH, 081H, 047H, 082H, 049H, 0F2H, 046H, 04BH, 048H, 04AH, 082H, 04
     4A81478249
     F2464B484A
     824A8247
                       670
                       671     ;Page 3
056B 8249824ABA        672     DB 082H, 049H, 082H, 04AH, 0BAH, 046H, 04BH, 048H, 04AH, 0C2H, 049H, 047H, 0C0H, 04AH, 0D0H, 047H, 04
     464B484AC2
     4947C04AD0
     47499047
                       673
057E C049C04AC1        674     DB 0C0H, 049H, 0C0H, 04AH, 0C1H, 047H, 049H, 081H, 04AH, 081H, 04AH, 081H, 047H, 0EEH, 046H, 048H, 04
     4749814A81
     4A8147EE46
     48464B48
                       675
0591 A049A04AA0        676     DB 0A0H, 049H, 0A0H, 04AH, 0A0H, 047H, 08FH, 046H, 04BH, 04BH, 048H, 0F0H, 046H, 04BH, 048H, 084H, 04
     478F464B4B
     48F0464B48
     84498447
                       677
05A4 87464B4880        678     DB 087H, 046H, 04BH, 048H, 080H, 0F0H, 046H, 04BH, 048H, 084H, 049H, 084H, 04AH, 0A4H, 049H, 04AH, 0A
     F0464B4884
     49844AA449
     4AA44747
                       679
05B7 8449844AC4        680     DB 084H, 049H, 084H, 04AH, 0C4H, 049H, 047H, 0CAH, 04AH, 049H, 049H, 0CAH, 04AH, 047H, 04AH, 0C2H, 04
     4947CA4A49
     49CA4A474A
     C2474780
                       681
                       682
05CA 809C464B48        683     DB 080H, 09CH, 046H, 04BH, 048H, 0E0H, 046H, 048H, 081H, 049H, 081H, 04AH, 0B9H, 046H, 04BH, 048H, 04
     E046488149
     814AB9464B
     484A8147
                       684
05DD 80C9494949        685     DB 080H, 0C9H, 049H, 049H, 049H, 0C9H, 04AH, 04AH, 04AH, 0C9H, 047H, 04AH, 047H, 088H, 047H, 0C0H, 04
     C94A4A4AC9
     474A478847
     C049C047
                       686
05F0 87464B4898        687     DB 087H, 046H, 04BH, 048H, 098H, 046H, 048H, 080H, 090H, 049H, 097H, 04AH, 046H, 04BH, 048H, 090H, 04
     4648809049
     974A464B48
     904A9047
                       688
0603 8449844782        689     DB 084H, 049H, 084H, 047H, 082H, 049H, 0F2H, 046H, 04BH, 048H, 04AH, 082H, 04AH, 082H, 047H, 09CH, 04
     49F2464B48
     4A824A8247
     9C464B48
                       690
0616 8B49464888        691     DB 08BH, 049H, 046H, 048H, 088H, 04AH, 088H, 047H, 080H, 08FH, 046H, 04BH, 04BH, 048H, 0F0H, 046H, 04
     4A8847808F
     464B4B48F0
     464B4880
                       692
                       693     ;Page 4
0629 8089494989        694     DB 080H, 089H, 049H, 049H, 089H, 04AH, 047H, 088H, 04AH, 089H, 047H, 049H, 081H, 04AH, 0F1H, 046H, 04
     4A47884A89
     4749814AF1
     464B4847
                       695
063C A049A04780        696     DB 0A0H, 049H, 0A0H, 047H, 080H, 0F7H, 046H, 04BH, 048H, 046H, 04BH, 048H, 080H, 080H, 08FH, 046H, 04
     F7464B4846
     4B4880808F
     464B4B48
                       697
064F 8087464B48        698     DB 080H, 087H, 046H, 04BH, 048H, 088H, 049H, 088H, 04AH, 088H, 047H, 086H, 046H, 048H, 0F8H, 046H, 04
     8849884A88
     47864648F8
     464B4B48
                       699
0662 8087464B48        700     DB 080H, 087H, 046H, 04BH, 048H, 0C0H, 049H, 0C2H, 04AH, 049H, 0C2H, 047H, 04AH, 082H, 04AH, 0E2H, 04
     C049C24A49
     C2474A824A
     E2464847
                       701
0675 80B8464B48        702     DB 080H, 0B8H, 046H, 04BH, 048H, 087H, 046H, 04BH, 048H, 0F8H, 046H, 04BH, 04BH, 048H, 080H, 0C0H, 04
     87464B48F8
     464B4B4880
     C049C047
                       703
                       704
0688 F0464B4880        705     DB 0F0H, 046H, 04BH, 048H, 080H, 0D0H, 049H, 049H, 0D1H, 047H, 04AH, 049H, 091H, 04AH, 04AH, 091H, 04
     D04949D147
     4A49914A4A
     91474780
                       706
069B 9E464B4B48        707     DB 09EH, 046H, 04BH, 04BH, 048H, 080H, 0B8H, 046H, 04BH, 048H, 080H, 082H, 049H, 0A2H, 049H, 04AH, 0A
     80B8464B48
     808249A249
     4AA24747
                       708
06AE 808149F146        709     DB 080H, 081H, 049H, 0F1H, 046H, 04BH, 048H, 04AH, 081H, 04AH, 09DH, 046H, 04BH, 048H, 047H, 080H, 0E
     4B484A814A
     9D464B4847
     80E04648
                       710
06C1 9049904A92        711     DB 090H, 049H, 090H, 04AH, 092H, 04AH, 049H, 092H, 047H, 04AH, 0E2H, 046H, 048H, 047H, 080H, 08EH, 04
     4A4992474A
     E246484780
     8E464B48
                       712
06D4 8F464B4B48        713     DB 08FH, 046H, 04BH, 04BH, 048H, 0F0H, 046H, 04BH, 048H, 084H, 049H, 084H, 047H, 081H, 049H, 081H, 04
     F0464B4884
     4984478149
     814A8147
                       714
                       715     ;Page 5
06E7 8B49464888        716     DB 08BH, 049H, 046H, 048H, 088H, 04AH, 08AH, 047H, 049H, 082H, 04AH, 082H, 04AH, 082H, 047H, 09CH, 04
     4A8A474982
     4A824A8247
     9C464B48
                       717
06FA 80A049A04A        718     DB 080H, 0A0H, 049H, 0A0H, 04AH, 0AEH, 04AH, 046H, 04BH, 048H, 0A1H, 047H, 049H, 081H, 04AH, 08DH, 04
     AE4A464B48
     A14749814A
     8D464847
                       719
070D 80808249AA        720     DB 080H, 080H, 082H, 049H, 0AAH, 049H, 049H, 04AH, 0AAH, 04AH, 04AH, 047H, 0A9H, 04AH, 047H, 049H, 0A
     49494AAA4A
     4A47A94A47
     49A14747
                       721
0720 9C464B48C0        722     DB 09CH, 046H, 04BH, 048H, 0C0H, 049H, 0C0H, 04AH, 0C0H, 047H, 0BCH, 046H, 04BH, 04BH, 048H, 080H, 09
     49C04AC047
     BC464B4B48
     80984648
                       723
0733 8080C14949        724     DB 080H, 080H, 0C1H, 049H, 049H, 0C5H, 04AH, 049H, 04AH, 0C5H, 047H, 04AH, 047H, 0B4H, 046H, 048H, 04
     C54A494AC5
     474A47B446
     484A8447
                       725
                       726
0746 80C049C047        727     DB 080H, 0C0H, 049H, 0C0H, 047H, 0A7H, 049H, 046H, 04BH, 048H, 0A8H, 04AH, 049H, 0A8H, 04AH, 04AH, 0A
     A749464B48
     A84A49A84A
     4AA84747
                       728
0759 80F4464B48        729     DB 080H, 0F4H, 046H, 04BH, 048H, 049H, 084H, 047H, 0A0H, 049H, 0A4H, 04AH, 049H, 0A4H, 04AH, 04AH, 0A
     498447A049
     A44A49A44A
     4AA44747
                       730
076C 8449844AF5        731     DB 084H, 049H, 084H, 04AH, 0F5H, 046H, 04BH, 048H, 047H, 049H, 081H, 047H, 080H, 080H, 09EH, 046H, 04
     464B484749
     814780809E
     464B4B48
                       732
077F 8449844A84        733     DB 084H, 049H, 084H, 04AH, 084H, 047H, 088H, 049H, 08AH, 04AH, 049H, 08AH, 04AH, 04AH, 0EAH, 046H, 04
     4788498A4A
     498A4A4AEA
     46484747
                       734
0792 9049904A92        735     DB 090H, 049H, 090H, 04AH, 092H, 047H, 049H, 082H, 04AH, 092H, 049H, 047H, 090H, 047H, 08FH, 046H, 04
     4749824A92
     494790478F
     464B4B48
                       736
                       737     ;Page 6
07A5 80808E464B        738     DB 080H, 080H, 08EH, 046H, 04BH, 048H, 090H, 049H, 094H, 04AH, 049H, 095H, 04AH, 04AH, 049H, 095H, 04
     489049944A
     49954A4A49
     95474747
                       739
07B8 809749464B        740     DB 080H, 097H, 049H, 046H, 04BH, 048H, 090H, 04AH, 090H, 047H, 081H, 049H, 0BDH, 046H, 04BH, 04BH, 04
     48904A9047
     8149BD464B
     4B484780
                       741
07CB 80F8464B4B        742     DB 080H, 0F8H, 046H, 04BH, 04BH, 048H, 084H, 049H, 084H, 047H, 0B8H, 046H, 04BH, 048H, 080H, 0F0H, 04
     4884498447
     B8464B4880
     F0464B48
                       743
07DE 87464B4880        744     DB 087H, 046H, 04BH, 048H, 080H, 0F0H, 046H, 04BH, 048H, 084H, 049H, 085H, 04AH, 049H, 085H, 04AH, 04
     F0464B4884
     49854A4985
     4A478447
                       745
07F1 A84949A84A        746     DB 0A8H, 049H, 049H, 0A8H, 04AH, 04AH, 0A8H, 047H, 04AH, 08BH, 047H, 046H, 048H, 080H, 080H, 0B8H, 04
     4AA8474A8B
     4746488080
     B8464B48
                       747
                       748
0804 8080A14949        749     DB 080H, 080H, 0A1H, 049H, 049H, 0A1H, 04AH, 04AH, 0A1H, 047H, 04AH, 09DH, 046H, 04BH, 048H, 047H, 0E
     A14A4AA147
     4A9D464B48
     47E04648
                       750
0817 808F464B4B        751     DB 080H, 08FH, 046H, 04BH, 04BH, 048H, 0A0H, 049H, 0A0H, 04AH, 0A1H, 047H, 049H, 091H, 049H, 04AH, 09
     48A049A04A
     A147499149
     4A914747
                       752
082A 8080809E46        753     DB 080H, 080H, 080H, 09EH, 046H, 04BH, 04BH, 048H, 0A1H, 049H, 049H, 0A9H, 04AH, 049H, 04AH, 0A9H, 04
     4B4B48A149
     49A94A494A
     A9474747
                       754
083D 809C464B48        755     DB 080H, 09CH, 046H, 04BH, 048H, 0E0H, 046H, 048H, 08FH, 046H, 04BH, 04BH, 048H, 0A0H, 049H, 0A0H, 04
     E046488F46
     4B4B48A049
     A04AA047
                       756
0850 DC49464B48        757     DB 0DCH, 049H, 046H, 04BH, 048H, 0C0H, 04AH, 0C0H, 047H, 080H, 08FH, 046H, 04BH, 04BH, 048H, 0B0H, 04
     C04AC04780
     8F464B4B48
     B0464880
                       758
                       759     ;Page 7
0863 80C14949C1        760     DB 080H, 0C1H, 049H, 049H, 0C1H, 04AH, 047H, 0DEH, 047H, 046H, 04BH, 04BH, 048H, 0A0H, 049H, 0A0H, 04
     4A47DE4746
     4B4B48A049
     A04AA047
                       761
0876 E046489749        762     DB 0E0H, 046H, 048H, 097H, 049H, 046H, 04BH, 048H, 090H, 04AH, 090H, 047H, 080H, 09EH, 046H, 04BH, 04
     464B48904A
     9047809E46
     4B4B4880
                       763
0889 8449F4464B        764     DB 084H, 049H, 0F4H, 046H, 04BH, 048H, 04AH, 084H, 047H, 098H, 046H, 048H, 080H, 0F8H, 046H, 04BH, 04
     484A844798
     464880F846
     4B4B4880
                       765
089C 8646488849        766     DB 086H, 046H, 048H, 088H, 049H, 088H, 04AH, 088H, 047H, 082H, 049H, 0FAH, 046H, 04BH, 04BH, 048H, 04
     884A884782
     49FA464B4B
     484A8247
                       767
08AF 808249BA46        768     DB 080H, 082H, 049H, 0BAH, 046H, 04BH, 048H, 04AH, 082H, 047H, 080H, 0EFH, 046H, 048H, 046H, 04BH, 04
     4B484A8247
     80EF464846
     4B4B4880
                       769
                       770
08C2 814985494A        771     DB 081H, 049H, 085H, 049H, 04AH, 085H, 04AH, 047H, 084H, 04AH, 0F4H, 046H, 04BH, 048H, 047H, 082H, 04
     854A47844A
     F4464B4847
     82498247
                       772
08D5 9049904A94        773     DB 090H, 049H, 090H, 04AH, 094H, 047H, 049H, 085H, 047H, 049H, 0F9H, 046H, 04BH, 04BH, 048H, 04AH, 08
     4749854749
     F9464B4B48
     4A814780
                       774
08E8 8088498B4A        775     DB 080H, 088H, 049H, 08BH, 04AH, 046H, 048H, 088H, 047H, 080H, 08FH, 046H, 04BH, 04BH, 048H, 0F0H, 04
     4648884780
     8F464B4B48
     F0464B48
                       776
08FB 8E464B4880        777     DB 08EH, 046H, 04BH, 048H, 080H, 081H, 049H, 099H, 046H, 048H, 04AH, 0C1H, 049H, 04AH, 0C1H, 04AH, 04
     8149994648
     4AC1494AC1
     4A47C047
                       778
090E 9E464B4B48        779     DB 09EH, 046H, 04BH, 04BH, 048H, 080H, 080H, 08DH, 046H, 048H, 049H, 081H, 04AH, 09DH, 046H, 04BH, 04
     80808D4648
     49814A9D46
     4B484780
                       780     ;END OF TABLE
                       781     END
ASSEMBLY COMPLETE, NO ERRORS FOUND, NO WARNINGS


SYMBOL TABLE:
??MCU_8051_IDE . . . . . . . . . . .  N  NUMB  8051H  NOT USED
??VERSION. . . . . . . . . . . . . .  N  NUMB  0149H  NOT USED
AC . . . . . . . . . . . . . . . . .  B  ADDR  00D6H  NOT USED
ACC. . . . . . . . . . . . . . . . .  D  ADDR  00E0H
ACSR . . . . . . . . . . . . . . . .  D  ADDR  0097H  NOT USED
ADCF . . . . . . . . . . . . . . . .  D  ADDR  00F6H  NOT USED
ADCLK. . . . . . . . . . . . . . . .  D  ADDR  00F2H  NOT USED
ADCON. . . . . . . . . . . . . . . .  D  ADDR  00F3H  NOT USED
ADDH . . . . . . . . . . . . . . . .  D  ADDR  00F5H  NOT USED
ADDL . . . . . . . . . . . . . . . .  D  ADDR  00F4H  NOT USED
ADD_LOOP1. . . . . . . . . . . . . .  C  ADDR  007FH
ADD_LOOP2. . . . . . . . . . . . . .  C  ADDR  0085H
AUXR . . . . . . . . . . . . . . . .  D  ADDR  008EH  NOT USED
AUXR1. . . . . . . . . . . . . . . .  D  ADDR  00A2H  NOT USED
B. . . . . . . . . . . . . . . . . .  D  ADDR  00F0H  NOT USED
BDRCON . . . . . . . . . . . . . . .  D  ADDR  009BH  NOT USED
BDRCON_1 . . . . . . . . . . . . . .  D  ADDR  009CH  NOT USED
BLANK_TILE . . . . . . . . . . . . .  N  NUMB  0040H  NOT USED
BRL. . . . . . . . . . . . . . . . .  D  ADDR  009AH  NOT USED
CCAP0H . . . . . . . . . . . . . . .  D  ADDR  00FAH  NOT USED
CCAP0L . . . . . . . . . . . . . . .  D  ADDR  00EAH  NOT USED
CCAP1H . . . . . . . . . . . . . . .  D  ADDR  00FBH  NOT USED
CCAP1L . . . . . . . . . . . . . . .  D  ADDR  00EBH  NOT USED
CCAP2H . . . . . . . . . . . . . . .  D  ADDR  00FCH  NOT USED
CCAP3H . . . . . . . . . . . . . . .  D  ADDR  00FDH  NOT USED
CCAP4H . . . . . . . . . . . . . . .  D  ADDR  00FEH  NOT USED
CCAPL2H. . . . . . . . . . . . . . .  D  ADDR  00FCH  NOT USED
CCAPL2L. . . . . . . . . . . . . . .  D  ADDR  00ECH  NOT USED
CCAPL3H. . . . . . . . . . . . . . .  D  ADDR  00FDH  NOT USED
CCAPL3L. . . . . . . . . . . . . . .  D  ADDR  00EDH  NOT USED
CCAPL4H. . . . . . . . . . . . . . .  D  ADDR  00FEH  NOT USED
CCAPL4L. . . . . . . . . . . . . . .  D  ADDR  00EEH  NOT USED
CCAPM0 . . . . . . . . . . . . . . .  D  ADDR  00DAH  NOT USED
CCAPM1 . . . . . . . . . . . . . . .  D  ADDR  00DBH  NOT USED
CCAPM2 . . . . . . . . . . . . . . .  D  ADDR  00DCH  NOT USED
CCAPM3 . . . . . . . . . . . . . . .  D  ADDR  00DDH  NOT USED
CCAPM4 . . . . . . . . . . . . . . .  D  ADDR  00DEH  NOT USED
CCF0 . . . . . . . . . . . . . . . .  B  ADDR  00D8H  NOT USED
CCF1 . . . . . . . . . . . . . . . .  B  ADDR  00D9H  NOT USED
CCF2 . . . . . . . . . . . . . . . .  B  ADDR  00DAH  NOT USED
CCF3 . . . . . . . . . . . . . . . .  B  ADDR  00DBH  NOT USED
CCF4 . . . . . . . . . . . . . . . .  B  ADDR  00DCH  NOT USED
CCON . . . . . . . . . . . . . . . .  D  ADDR  00D8H  NOT USED
CFINT. . . . . . . . . . . . . . . .  C  ADDR  0033H  NOT USED
CH . . . . . . . . . . . . . . . . .  D  ADDR  00F9H  NOT USED
CHAR_0 . . . . . . . . . . . . . . .  N  NUMB  0000H  NOT USED
CHAR_1 . . . . . . . . . . . . . . .  N  NUMB  0001H  NOT USED
CHAR_2 . . . . . . . . . . . . . . .  N  NUMB  0002H  NOT USED
CHAR_3 . . . . . . . . . . . . . . .  N  NUMB  0003H  NOT USED
CHAR_4 . . . . . . . . . . . . . . .  N  NUMB  0004H  NOT USED
CHAR_5 . . . . . . . . . . . . . . .  N  NUMB  0005H  NOT USED
CHAR_6 . . . . . . . . . . . . . . .  N  NUMB  0006H  NOT USED
CHAR_7 . . . . . . . . . . . . . . .  N  NUMB  0007H  NOT USED
CHAR_8 . . . . . . . . . . . . . . .  N  NUMB  0008H  NOT USED
CHAR_9 . . . . . . . . . . . . . . .  N  NUMB  0009H  NOT USED
CHAR_A . . . . . . . . . . . . . . .  N  NUMB  0021H  NOT USED
CHAR_APOSTROPHE. . . . . . . . . . .  N  NUMB  0010H  NOT USED
CHAR_ASTERISK. . . . . . . . . . . .  N  NUMB  0011H  NOT USED
CHAR_B . . . . . . . . . . . . . . .  N  NUMB  0022H  NOT USED
CHAR_C . . . . . . . . . . . . . . .  N  NUMB  0023H  NOT USED
CHAR_D . . . . . . . . . . . . . . .  N  NUMB  0024H  NOT USED
CHAR_E . . . . . . . . . . . . . . .  N  NUMB  0025H  NOT USED
CHAR_EXCL_MARK . . . . . . . . . . .  N  NUMB  000CH  NOT USED
CHAR_F . . . . . . . . . . . . . . .  N  NUMB  0026H  NOT USED
CHAR_G . . . . . . . . . . . . . . .  N  NUMB  0027H  NOT USED
CHAR_H . . . . . . . . . . . . . . .  N  NUMB  0028H  NOT USED
CHAR_I . . . . . . . . . . . . . . .  N  NUMB  0029H  NOT USED
CHAR_J . . . . . . . . . . . . . . .  N  NUMB  002AH  NOT USED
CHAR_K . . . . . . . . . . . . . . .  N  NUMB  002BH  NOT USED
CHAR_L . . . . . . . . . . . . . . .  N  NUMB  002CH  NOT USED
CHAR_M . . . . . . . . . . . . . . .  N  NUMB  002DH  NOT USED
CHAR_N . . . . . . . . . . . . . . .  N  NUMB  002EH  NOT USED
CHAR_O . . . . . . . . . . . . . . .  N  NUMB  002FH  NOT USED
CHAR_P . . . . . . . . . . . . . . .  N  NUMB  0030H  NOT USED
CHAR_POUND_SIGN. . . . . . . . . . .  N  NUMB  000DH  NOT USED
CHAR_Q . . . . . . . . . . . . . . .  N  NUMB  0031H  NOT USED
CHAR_Q_MARK. . . . . . . . . . . . .  N  NUMB  000BH  NOT USED
CHAR_R . . . . . . . . . . . . . . .  N  NUMB  0032H  NOT USED
CHAR_S . . . . . . . . . . . . . . .  N  NUMB  0033H  NOT USED
CHAR_SPACE . . . . . . . . . . . . .  N  NUMB  000AH  NOT USED
CHAR_SPCH_MARKS. . . . . . . . . . .  N  NUMB  000FH  NOT USED
CHAR_T . . . . . . . . . . . . . . .  N  NUMB  0034H  NOT USED
CHAR_U . . . . . . . . . . . . . . .  N  NUMB  0035H  NOT USED
CHAR_UNDERSCORE. . . . . . . . . . .  N  NUMB  000EH  NOT USED
CHAR_V . . . . . . . . . . . . . . .  N  NUMB  0036H  NOT USED
CHAR_W . . . . . . . . . . . . . . .  N  NUMB  0037H  NOT USED
CHAR_X . . . . . . . . . . . . . . .  N  NUMB  0038H  NOT USED
CHAR_Y . . . . . . . . . . . . . . .  N  NUMB  0039H  NOT USED
CHAR_Z . . . . . . . . . . . . . . .  N  NUMB  003AH  NOT USED
CHECKERED_TILE . . . . . . . . . . .  N  NUMB  0059H  NOT USED
CKCON. . . . . . . . . . . . . . . .  D  ADDR  008FH  NOT USED
CKCON0 . . . . . . . . . . . . . . .  D  ADDR  008FH  NOT USED
CKRL . . . . . . . . . . . . . . . .  D  ADDR  0097H  NOT USED
CKSEL. . . . . . . . . . . . . . . .  D  ADDR  0085H  NOT USED
CL . . . . . . . . . . . . . . . . .  D  ADDR  00E9H  NOT USED
CLKREG . . . . . . . . . . . . . . .  D  ADDR  008FH  NOT USED
CLOCK. . . . . . . . . . . . . . . .  C  ADDR  024DH
CMOD . . . . . . . . . . . . . . . .  D  ADDR  00D9H  NOT USED
CONFIGURE_LCD. . . . . . . . . . . .  C  ADDR  0162H
CORNERS_TILE_I . . . . . . . . . . .  N  NUMB  004DH  NOT USED
CORNERS_TILE_II. . . . . . . . . . .  N  NUMB  0057H  NOT USED
CPRL2. . . . . . . . . . . . . . . .  B  ADDR  00C8H  NOT USED
CR . . . . . . . . . . . . . . . . .  B  ADDR  00DEH  NOT USED
CS_1 . . . . . . . . . . . . . . . .  N  NUMB  00B4H
CS_2 . . . . . . . . . . . . . . . .  N  NUMB  00B3H
CT2. . . . . . . . . . . . . . . . .  B  ADDR  00C9H  NOT USED
CTR_I. . . . . . . . . . . . . . . .  N  NUMB  0007H  NOT USED
CTR_II . . . . . . . . . . . . . . .  N  NUMB  0006H  NOT USED
CTR_III. . . . . . . . . . . . . . .  N  NUMB  0005H  NOT USED
CY . . . . . . . . . . . . . . . . .  B  ADDR  00D7H  NOT USED
DELAY. . . . . . . . . . . . . . . .  C  ADDR  0151H
DELAYER. . . . . . . . . . . . . . .  C  ADDR  004BH
DELAY_OUTER_LOOP . . . . . . . . . .  C  ADDR  0157H
DIGITS_SYMBOLS . . . . . . . . . . .  C  ADDR  0261H
DIGIT_SYMBOL_ID. . . . . . . . . . .  C  ADDR  00BAH  NOT USED
DP0H . . . . . . . . . . . . . . . .  D  ADDR  0083H  NOT USED
DP0L . . . . . . . . . . . . . . . .  D  ADDR  0082H  NOT USED
DP1H . . . . . . . . . . . . . . . .  D  ADDR  0085H  NOT USED
DP1L . . . . . . . . . . . . . . . .  D  ADDR  0084H  NOT USED
DPH. . . . . . . . . . . . . . . . .  D  ADDR  0083H
DPL. . . . . . . . . . . . . . . . .  D  ADDR  0082H
EA . . . . . . . . . . . . . . . . .  B  ADDR  00AFH  NOT USED
EC . . . . . . . . . . . . . . . . .  B  ADDR  00AEH  NOT USED
EECON. . . . . . . . . . . . . . . .  D  ADDR  0096H  NOT USED
EEPROM_BUFF. . . . . . . . . . . . .  N  NUMB  003BH
EEPROM_DATA. . . . . . . . . . . . .  N  NUMB  0039H
EEPROM_DELAY . . . . . . . . . . . .  C  ADDR  0254H
EEPROM_DELAY_1 . . . . . . . . . . .  C  ADDR  0257H
EEPROM_PAGE_NO . . . . . . . . . . .  N  NUMB  003AH
EEPROM_SCL_PIN . . . . . . . . . . .  N  NUMB  00A4H
EEPROM_SDA_PIN . . . . . . . . . . .  N  NUMB  00A5H
EEPROM_START . . . . . . . . . . . .  C  ADDR  01FDH
EEPROM_STOP. . . . . . . . . . . . .  C  ADDR  020AH
ENABLE . . . . . . . . . . . . . . .  N  NUMB  00B5H
END_OF_PROPAGATION . . . . . . . . .  C  ADDR  00D6H
ES . . . . . . . . . . . . . . . . .  B  ADDR  00ACH  NOT USED
ET0. . . . . . . . . . . . . . . . .  B  ADDR  00A9H  NOT USED
ET1. . . . . . . . . . . . . . . . .  B  ADDR  00ABH  NOT USED
ET2. . . . . . . . . . . . . . . . .  B  ADDR  00ADH  NOT USED
EX0. . . . . . . . . . . . . . . . .  B  ADDR  00A8H  NOT USED
EX1. . . . . . . . . . . . . . . . .  B  ADDR  00AAH  NOT USED
EXEN2. . . . . . . . . . . . . . . .  B  ADDR  00CBH  NOT USED
EXF2 . . . . . . . . . . . . . . . .  B  ADDR  00CEH  NOT USED
EXTI0. . . . . . . . . . . . . . . .  C  ADDR  0003H  NOT USED
EXTI1. . . . . . . . . . . . . . . .  C  ADDR  0013H  NOT USED
F0 . . . . . . . . . . . . . . . . .  B  ADDR  00D5H  NOT USED
FE . . . . . . . . . . . . . . . . .  B  ADDR  009FH  NOT USED
FILLER . . . . . . . . . . . . . . .  C  ADDR  008EH
FILLER_SHORTCUT. . . . . . . . . . .  B  ADDR  007CH
FILL_LOOP. . . . . . . . . . . . . .  C  ADDR  0091H  NOT USED
FILL_MAP . . . . . . . . . . . . . .  C  ADDR  008AH  NOT USED
GET. . . . . . . . . . . . . . . . .  C  ADDR  0239H
GET_DATA . . . . . . . . . . . . . .  C  ADDR  0233H
GET_PIXELS . . . . . . . . . . . . .  C  ADDR  00A7H
HITS_TO_WIN. . . . . . . . . . . . .  N  NUMB  0004H  NOT USED
HIT_SEA. . . . . . . . . . . . . . .  N  NUMB  004EH  NOT USED
HIT_SHIP_E . . . . . . . . . . . . .  N  NUMB  0050H  NOT USED
HIT_SHIP_H . . . . . . . . . . . . .  N  NUMB  0055H  NOT USED
HIT_SHIP_J . . . . . . . . . . . . .  N  NUMB  0056H  NOT USED
HIT_SHIP_N . . . . . . . . . . . . .  N  NUMB  0051H  NOT USED
HIT_SHIP_S . . . . . . . . . . . . .  N  NUMB  0053H  NOT USED
HIT_SHIP_V . . . . . . . . . . . . .  N  NUMB  0054H  NOT USED
HIT_SHIP_W . . . . . . . . . . . . .  N  NUMB  0052H  NOT USED
HIT_SJIP_L . . . . . . . . . . . . .  N  NUMB  004FH  NOT USED
HIT_TWICE. . . . . . . . . . . . . .  N  NUMB  0058H  NOT USED
HOR. . . . . . . . . . . . . . . . .  C  ADDR  0183H
IE . . . . . . . . . . . . . . . . .  D  ADDR  00A8H  NOT USED
IE0. . . . . . . . . . . . . . . . .  B  ADDR  0089H  NOT USED
IE1. . . . . . . . . . . . . . . . .  B  ADDR  008BH  NOT USED
INPUT_I. . . . . . . . . . . . . . .  N  NUMB  0034H  NOT USED
INPUT_II . . . . . . . . . . . . . .  N  NUMB  0035H  NOT USED
INT0 . . . . . . . . . . . . . . . .  B  ADDR  00B2H  NOT USED
INT1 . . . . . . . . . . . . . . . .  B  ADDR  00B3H  NOT USED
IP . . . . . . . . . . . . . . . . .  D  ADDR  00B8H  NOT USED
IPH. . . . . . . . . . . . . . . . .  D  ADDR  00B7H  NOT USED
IPH0 . . . . . . . . . . . . . . . .  D  ADDR  00B7H  NOT USED
IPH1 . . . . . . . . . . . . . . . .  D  ADDR  00B3H  NOT USED
IPL0 . . . . . . . . . . . . . . . .  D  ADDR  00B8H  NOT USED
IPL1 . . . . . . . . . . . . . . . .  D  ADDR  00B2H  NOT USED
IS_ID. . . . . . . . . . . . . . . .  C  ADDR  00B4H
IT0. . . . . . . . . . . . . . . . .  B  ADDR  0088H  NOT USED
IT1. . . . . . . . . . . . . . . . .  B  ADDR  008AH  NOT USED
K1 . . . . . . . . . . . . . . . . .  C  ADDR  00DBH
K2 . . . . . . . . . . . . . . . . .  C  ADDR  00E5H
KBE. . . . . . . . . . . . . . . . .  D  ADDR  009DH  NOT USED
KBF. . . . . . . . . . . . . . . . .  D  ADDR  009EH  NOT USED
KBLS . . . . . . . . . . . . . . . .  D  ADDR  009CH  NOT USED
KB_FIND. . . . . . . . . . . . . . .  C  ADDR  0138H
KB_MATCH . . . . . . . . . . . . . .  C  ADDR  013EH
KB_OVER. . . . . . . . . . . . . . .  C  ADDR  00F0H
KB_OVER1 . . . . . . . . . . . . . .  C  ADDR  00FBH
KCODE0 . . . . . . . . . . . . . . .  C  ADDR  0141H
KCODE1 . . . . . . . . . . . . . . .  C  ADDR  0145H
KCODE2 . . . . . . . . . . . . . . .  C  ADDR  0149H
KCODE3 . . . . . . . . . . . . . . .  C  ADDR  014DH
KEYBOARD . . . . . . . . . . . . . .  C  ADDR  00D8H
LCD_COUNTER_1. . . . . . . . . . . .  N  NUMB  0004H  NOT USED
LCD_COUNTER_2. . . . . . . . . . . .  N  NUMB  0003H  NOT USED
LCD_PORT . . . . . . . . . . . . . .  N  NUMB  0090H
LCD_RESET. . . . . . . . . . . . . .  N  NUMB  00B2H
LETTERS. . . . . . . . . . . . . . .  C  ADDR  0261H
LETTER_ID. . . . . . . . . . . . . .  C  ADDR  00BFH
LONE_SHIP_TILE . . . . . . . . . . .  N  NUMB  0045H  NOT USED
MAP_NO . . . . . . . . . . . . . . .  N  NUMB  0030H
MEMORY_ADDRESS1. . . . . . . . . . .  N  NUMB  0038H
NEXT_1 . . . . . . . . . . . . . . .  C  ADDR  006AH
NEXT_2 . . . . . . . . . . . . . . .  C  ADDR  0075H
NEXT_BYTE. . . . . . . . . . . . . .  C  ADDR  009FH
OPEN_SEA . . . . . . . . . . . . . .  N  NUMB  0044H  NOT USED
OSCCON . . . . . . . . . . . . . . .  D  ADDR  0086H  NOT USED
OV . . . . . . . . . . . . . . . . .  B  ADDR  00D2H  NOT USED
P. . . . . . . . . . . . . . . . . .  B  ADDR  00D0H  NOT USED
P0 . . . . . . . . . . . . . . . . .  D  ADDR  0080H
P1 . . . . . . . . . . . . . . . . .  D  ADDR  0090H  NOT USED
P1M1 . . . . . . . . . . . . . . . .  D  ADDR  00D4H  NOT USED
P1M2 . . . . . . . . . . . . . . . .  D  ADDR  00E2H  NOT USED
P1_MAP_END . . . . . . . . . . . . .  N  NUMB  007FH
P1_MAP_START . . . . . . . . . . . .  N  NUMB  0040H
P1_P2. . . . . . . . . . . . . . . .  B  ADDR  007FH  NOT USED
P1_SHIPS_LEFT. . . . . . . . . . . .  N  NUMB  0036H  NOT USED
P2 . . . . . . . . . . . . . . . . .  D  ADDR  00A0H
P2_MAP_END . . . . . . . . . . . . .  N  NUMB  00BFH
P2_MAP_START . . . . . . . . . . . .  N  NUMB  0080H
P2_SHIPS_LEFT. . . . . . . . . . . .  N  NUMB  0037H  NOT USED
P3 . . . . . . . . . . . . . . . . .  D  ADDR  00B0H  NOT USED
P3M1 . . . . . . . . . . . . . . . .  D  ADDR  00D5H  NOT USED
P3M2 . . . . . . . . . . . . . . . .  D  ADDR  00E3H  NOT USED
P4 . . . . . . . . . . . . . . . . .  D  ADDR  00C0H  NOT USED
P4M1 . . . . . . . . . . . . . . . .  D  ADDR  00D6H  NOT USED
P4M2 . . . . . . . . . . . . . . . .  D  ADDR  00E4H  NOT USED
P5 . . . . . . . . . . . . . . . . .  D  ADDR  00E8H  NOT USED
PC . . . . . . . . . . . . . . . . .  B  ADDR  00BEH  NOT USED
PCON . . . . . . . . . . . . . . . .  D  ADDR  0087H  NOT USED
PICTURES . . . . . . . . . . . . . .  C  ADDR  0261H
PICTURE_ID . . . . . . . . . . . . .  C  ADDR  00C4H
PPCL . . . . . . . . . . . . . . . .  B  ADDR  00BEH  NOT USED
PROPAGATE. . . . . . . . . . . . . .  C  ADDR  00CBH
PS . . . . . . . . . . . . . . . . .  B  ADDR  00BCH  NOT USED
PSL. . . . . . . . . . . . . . . . .  B  ADDR  00BCH  NOT USED
PSW. . . . . . . . . . . . . . . . .  D  ADDR  00D0H  NOT USED
PT0. . . . . . . . . . . . . . . . .  B  ADDR  00B9H  NOT USED
PT0L . . . . . . . . . . . . . . . .  B  ADDR  00B9H  NOT USED
PT1. . . . . . . . . . . . . . . . .  B  ADDR  00BBH  NOT USED
PT1L . . . . . . . . . . . . . . . .  B  ADDR  00BBH  NOT USED
PT2. . . . . . . . . . . . . . . . .  B  ADDR  00BDH  NOT USED
PT2L . . . . . . . . . . . . . . . .  B  ADDR  00BDH  NOT USED
PX0. . . . . . . . . . . . . . . . .  B  ADDR  00B8H  NOT USED
PX0L . . . . . . . . . . . . . . . .  B  ADDR  00B8H  NOT USED
PX1. . . . . . . . . . . . . . . . .  B  ADDR  00BAH  NOT USED
PX1L . . . . . . . . . . . . . . . .  B  ADDR  00BAH  NOT USED
RADAR. . . . . . . . . . . . . . . .  B  ADDR  007EH  NOT USED
RADAR_HIT. . . . . . . . . . . . . .  N  NUMB  0042H
RADAR_MISSED . . . . . . . . . . . .  N  NUMB  0043H
RADAR_TGT. . . . . . . . . . . . . .  N  NUMB  0041H
RB8. . . . . . . . . . . . . . . . .  B  ADDR  009AH  NOT USED
RCAP2H . . . . . . . . . . . . . . .  D  ADDR  00CBH  NOT USED
RCAP2L . . . . . . . . . . . . . . .  D  ADDR  00CAH  NOT USED
RCLK . . . . . . . . . . . . . . . .  B  ADDR  00CDH  NOT USED
RD . . . . . . . . . . . . . . . . .  B  ADDR  00B7H  NOT USED
RD_WR. . . . . . . . . . . . . . . .  N  NUMB  00B6H
READ_DATA. . . . . . . . . . . . . .  C  ADDR  01D5H
REN. . . . . . . . . . . . . . . . .  B  ADDR  009CH  NOT USED
RESET. . . . . . . . . . . . . . . .  C  ADDR  0000H  NOT USED
RI . . . . . . . . . . . . . . . . .  B  ADDR  0098H  NOT USED
ROW_0. . . . . . . . . . . . . . . .  C  ADDR  0126H
ROW_1. . . . . . . . . . . . . . . .  C  ADDR  012BH
ROW_2. . . . . . . . . . . . . . . .  C  ADDR  0130H
ROW_3. . . . . . . . . . . . . . . .  C  ADDR  0135H
RS . . . . . . . . . . . . . . . . .  N  NUMB  00B7H
RS0. . . . . . . . . . . . . . . . .  B  ADDR  00D3H  NOT USED
RS1. . . . . . . . . . . . . . . . .  B  ADDR  00D4H  NOT USED
RXD. . . . . . . . . . . . . . . . .  B  ADDR  00B0H  NOT USED
SADDR. . . . . . . . . . . . . . . .  D  ADDR  00A9H  NOT USED
SADDR_0. . . . . . . . . . . . . . .  D  ADDR  00A9H  NOT USED
SADDR_1. . . . . . . . . . . . . . .  D  ADDR  00AAH  NOT USED
SADEN. . . . . . . . . . . . . . . .  D  ADDR  00B9H  NOT USED
SADEN_0. . . . . . . . . . . . . . .  D  ADDR  00B9H  NOT USED
SADEN_1. . . . . . . . . . . . . . .  D  ADDR  00BAH  NOT USED
SAME_PAGE. . . . . . . . . . . . . .  C  ADDR  002BH
SBUF . . . . . . . . . . . . . . . .  D  ADDR  0099H  NOT USED
SCON . . . . . . . . . . . . . . . .  D  ADDR  0098H  NOT USED
SELECT_TILE. . . . . . . . . . . . .  C  ADDR  005CH
SEND . . . . . . . . . . . . . . . .  C  ADDR  021BH
SEND_BYTE. . . . . . . . . . . . . .  C  ADDR  01AAH
SEND_CMD . . . . . . . . . . . . . .  C  ADDR  019DH
SEND_DATA. . . . . . . . . . . . . .  C  ADDR  0217H
SHIP_EASTWARD. . . . . . . . . . . .  N  NUMB  0046H  NOT USED
SHIP_HORIZONTAL. . . . . . . . . . .  N  NUMB  004BH  NOT USED
SHIP_JUNCTION. . . . . . . . . . . .  N  NUMB  004CH  NOT USED
SHIP_NORTHWARD . . . . . . . . . . .  N  NUMB  0047H  NOT USED
SHIP_SOUTHWARD . . . . . . . . . . .  N  NUMB  0049H  NOT USED
SHIP_VERTICAL. . . . . . . . . . . .  N  NUMB  004AH  NOT USED
SHIP_WESTWARD. . . . . . . . . . . .  N  NUMB  0048H  NOT USED
SIMUL. . . . . . . . . . . . . . . .  B  ADDR  007BH  NOT USED
SINT . . . . . . . . . . . . . . . .  C  ADDR  0023H  NOT USED
SM0. . . . . . . . . . . . . . . . .  B  ADDR  009FH  NOT USED
SM1. . . . . . . . . . . . . . . . .  B  ADDR  009EH  NOT USED
SM2. . . . . . . . . . . . . . . . .  B  ADDR  009DH  NOT USED
SP . . . . . . . . . . . . . . . . .  D  ADDR  0081H  NOT USED
SPCON. . . . . . . . . . . . . . . .  D  ADDR  00C3H  NOT USED
SPCR . . . . . . . . . . . . . . . .  D  ADDR  00D5H  NOT USED
SPDAT. . . . . . . . . . . . . . . .  D  ADDR  00C5H  NOT USED
SPDR . . . . . . . . . . . . . . . .  D  ADDR  0086H  NOT USED
SPSR . . . . . . . . . . . . . . . .  D  ADDR  00AAH  NOT USED
SPSTA. . . . . . . . . . . . . . . .  D  ADDR  00C4H  NOT USED
STARTED. . . . . . . . . . . . . . .  C  ADDR  0079H
STOP . . . . . . . . . . . . . . . .  C  ADDR  0053H
T0 . . . . . . . . . . . . . . . . .  B  ADDR  00B4H  NOT USED
T1 . . . . . . . . . . . . . . . . .  B  ADDR  00B5H  NOT USED
T2CON. . . . . . . . . . . . . . . .  D  ADDR  00C8H  NOT USED
T2MOD. . . . . . . . . . . . . . . .  D  ADDR  00C9H  NOT USED
TABLE_START. . . . . . . . . . . . .  C  ADDR  0331H
TB8. . . . . . . . . . . . . . . . .  B  ADDR  009BH  NOT USED
TBL_FOUND. . . . . . . . . . . . . .  C  ADDR  00C7H
TCLK . . . . . . . . . . . . . . . .  B  ADDR  00CCH  NOT USED
TCON . . . . . . . . . . . . . . . .  D  ADDR  0088H  NOT USED
TEXT . . . . . . . . . . . . . . . .  B  ADDR  007DH  NOT USED
TEXT_SCR_MAP_END . . . . . . . . . .  N  NUMB  00FFH
TEXT_SCR_MAP_START . . . . . . . . .  N  NUMB  00C0H
TF0. . . . . . . . . . . . . . . . .  B  ADDR  008DH  NOT USED
TF1. . . . . . . . . . . . . . . . .  B  ADDR  008FH  NOT USED
TF2. . . . . . . . . . . . . . . . .  B  ADDR  00CFH  NOT USED
TH0. . . . . . . . . . . . . . . . .  D  ADDR  008CH  NOT USED
TH1. . . . . . . . . . . . . . . . .  D  ADDR  008DH  NOT USED
TH2. . . . . . . . . . . . . . . . .  D  ADDR  00CDH  NOT USED
TI . . . . . . . . . . . . . . . . .  B  ADDR  0099H  NOT USED
TILE_COL . . . . . . . . . . . . . .  N  NUMB  0032H
TILE_ID. . . . . . . . . . . . . . .  N  NUMB  0033H
TILE_ROW . . . . . . . . . . . . . .  N  NUMB  0031H
TIMER0 . . . . . . . . . . . . . . .  C  ADDR  000BH  NOT USED
TIMER1 . . . . . . . . . . . . . . .  C  ADDR  001BH  NOT USED
TIMER2 . . . . . . . . . . . . . . .  C  ADDR  002BH  NOT USED
TL0. . . . . . . . . . . . . . . . .  D  ADDR  008AH  NOT USED
TL1. . . . . . . . . . . . . . . . .  D  ADDR  008BH  NOT USED
TL2. . . . . . . . . . . . . . . . .  D  ADDR  00CCH  NOT USED
TMOD . . . . . . . . . . . . . . . .  D  ADDR  0089H  NOT USED
TR0. . . . . . . . . . . . . . . . .  B  ADDR  008CH  NOT USED
TR1. . . . . . . . . . . . . . . . .  B  ADDR  008EH  NOT USED
TR2. . . . . . . . . . . . . . . . .  B  ADDR  00CAH  NOT USED
TXD. . . . . . . . . . . . . . . . .  B  ADDR  00B1H  NOT USED
VER. . . . . . . . . . . . . . . . .  C  ADDR  0180H
WDTCON . . . . . . . . . . . . . . .  D  ADDR  00A7H  NOT USED
WDTPRG . . . . . . . . . . . . . . .  D  ADDR  00A7H  NOT USED
WDTRST . . . . . . . . . . . . . . .  D  ADDR  00A6H  NOT USED
WR . . . . . . . . . . . . . . . . .  B  ADDR  00B6H  NOT USED
WRITE_DATA . . . . . . . . . . . . .  C  ADDR  01B7H
WRITE_TILE . . . . . . . . . . . . .  C  ADDR  009BH
WRITING_LOOP . . . . . . . . . . . .  C  ADDR  0017H